warning: the feature `or_patterns` is incomplete and may cause the compiler to crash
  --> $DIR/switch-with-switchint.rs:2:12
   |
LL | #![feature(or_patterns)]
   |            ^^^^^^^^^^^

